vite v7.2.7 building client environment for production...
transforming...
✓ 11 modules transformed.
✗ Build failed in 1.25s
error during build:
[@tailwindcss/vite:generate:build] Cannot apply unknown utility class `px-4`. Are you using CSS modules or similar and missing `@reference`? https://tailwindcss.com/docs/functions-and-directives#reference-directive
file: /home/backer/Workspace/PRO/dbi.rw/src/App.css
    at onInvalidCandidate (file:///home/backer/Workspace/PRO/dbi.rw/node_modules/.pnpm/tailwindcss@4.1.18/node_modules/tailwindcss/dist/chunk-CT46QCH7.mjs:21:1314)
    at Ce (file:///home/backer/Workspace/PRO/dbi.rw/node_modules/.pnpm/tailwindcss@4.1.18/node_modules/tailwindcss/dist/chunk-CT46QCH7.mjs:16:36652)
    at file:///home/backer/Workspace/PRO/dbi.rw/node_modules/.pnpm/tailwindcss@4.1.18/node_modules/tailwindcss/dist/chunk-CT46QCH7.mjs:21:355
    at br (file:///home/backer/Workspace/PRO/dbi.rw/node_modules/.pnpm/tailwindcss@4.1.18/node_modules/tailwindcss/dist/chunk-CT46QCH7.mjs:3:1718)
    at I (file:///home/backer/Workspace/PRO/dbi.rw/node_modules/.pnpm/tailwindcss@4.1.18/node_modules/tailwindcss/dist/chunk-CT46QCH7.mjs:3:1377)
    at Ae (file:///home/backer/Workspace/PRO/dbi.rw/node_modules/.pnpm/tailwindcss@4.1.18/node_modules/tailwindcss/dist/chunk-CT46QCH7.mjs:21:172)
    at Wi (file:///home/backer/Workspace/PRO/dbi.rw/node_modules/.pnpm/tailwindcss@4.1.18/node_modules/tailwindcss/dist/chunk-CT46QCH7.mjs:38:294)
    at async Za (file:///home/backer/Workspace/PRO/dbi.rw/node_modules/.pnpm/tailwindcss@4.1.18/node_modules/tailwindcss/dist/chunk-CT46QCH7.mjs:38:631)
    at async rf (file:///home/backer/Workspace/PRO/dbi.rw/node_modules/.pnpm/tailwindcss@4.1.18/node_modules/tailwindcss/dist/chunk-CT46QCH7.mjs:38:1406)
    at async lu (file:///home/backer/Workspace/PRO/dbi.rw/node_modules/.pnpm/@tailwindcss+node@4.1.18/node_modules/@tailwindcss/node/dist/index.mjs:10:3458)
